// Jest Snapshot v1, https://goo.gl/fbAQLP

exports[`StyledMenu renders correctly 1`] = `
<nav
  className="sc-bdVaJa dWAxiR"
/>
`;
