// Jest Snapshot v1, https://goo.gl/fbAQLP

exports[`StyledLink renders correctly 1`] = `
<a
  className="StyledLink-kwdrvq-0 fPzYXT sc-bwzfXH hkZNed"
>
  Atticomponents
</a>
`;
