// Jest Snapshot v1, https://goo.gl/fbAQLP

exports[`MenuContainer renders correctly 1`] = `
<span
  className="atti-box"
>
  <span
    className="atti-box"
  >
    <div
      className="MenuContainer-ar6piw-0 dChkmU"
    />
  </span>
</span>
`;
