// Jest Snapshot v1, https://goo.gl/fbAQLP

exports[`variances renders correctly 1`] = `
<span
  className="atti-box"
>
  <span
    className="atti-box"
  >
    <variances />
  </span>
</span>
`;
