// Jest Snapshot v1, https://goo.gl/fbAQLP

exports[`StyledBadge renders correctly 1`] = `
<span
  className="StyledBadge-sc-14ha03a-0 csDeYh"
/>
`;
