// Jest Snapshot v1, https://goo.gl/fbAQLP

exports[`ModalBackground renders correctly 1`] = `
<span
  className="atti-box"
>
  <div
    className="ModalBackground-stke3x-0 ewNdCZ"
  />
</span>
`;
