// Jest Snapshot v1, https://goo.gl/fbAQLP

exports[`Modal renders correctly 1`] = `
<span
  className="atti-box"
>
  <span
    className="atti-box"
  >
    <div
      className="Atticomponents Modal-sc-1q6w6or-0 bbGikj ModalBackground-stke3x-0 hnRWcO"
      onClick={[Function]}
    >
      <div
        className="ModalContainer-g0jgsc-0 bOiHpR"
        onClick={[Function]}
      >
        <div
          className="TitleContainer-sc-1wmifrj-0 jbdmOp"
        >
          <h3
            className="Typography-csduj4-0-h3 Header3-q478ae-0 atti-r-css  lfYxUS"
          >
            Atticomponents
          </h3>
          <button
            aria-label="Close Modal"
            className="CloseButton-sc-1ujuxrw-0 klRTOh"
            onClick={[Function]}
            type="button"
          >
            <svg
              height="24"
              viewBox="0 0 24 24"
              width="24"
              xmlns="http://www.w3.org/2000/svg"
            >
              <path
                d="M19 6.41L17.59 5 12 10.59 6.41 5 5 6.41 10.59 12 5 17.59 6.41 19 12 13.41 17.59 19 19 17.59 13.41 12z"
              />
              <path
                d="M0 0h24v24H0z"
                fill="none"
              />
            </svg>
          </button>
        </div>
        <aside
          className="ContentContainer-sc-1i6cggq-0 eHwzTP"
        >
          Atticomponents
        </aside>
      </div>
    </div>
  </span>
</span>
`;
