// Jest Snapshot v1, https://goo.gl/fbAQLP

exports[`StyledLabel renders correctly 1`] = `
<label
  className="StyledLabel-sc-7lrvk2-0 bVnWMj Label-xhjve5-0 fQVHlM"
/>
`;
