// Jest Snapshot v1, https://goo.gl/fbAQLP

exports[`StyledHorizontalInputGroup renders correctly 1`] = `
<span
  className="atti-box"
>
  <div
    className="StyledHorizontalInputGroup-sc-14ezq2l-0 bPFlwY"
  />
</span>
`;
