// Jest Snapshot v1, https://goo.gl/fbAQLP

exports[`Option renders correctly 1`] = `
<p
  className="StyledOption-sc-1g6h427-0 kvTwPp"
  id="Atticomponents"
  onClick={[Function]}
  selected={true}
>
  Atticomponents
</p>
`;
