// Jest Snapshot v1, https://goo.gl/fbAQLP

exports[`StyledProgressBar renders correctly 1`] = `
<span
  className="atti-box"
>
  <span
    className="atti-box"
  >
    <div
      className="StyledProgressBar-sc-15l6ukn-0 gTfaiz"
    />
  </span>
</span>
`;
