// Jest Snapshot v1, https://goo.gl/fbAQLP

exports[`CheckboxBoxContainer renders correctly 1`] = `
<span
  className="atti-box"
>
  <span
    className="CheckboxBoxContainer-sc-1rhgvgg-0 bYbrvy"
  />
</span>
`;
