// Jest Snapshot v1, https://goo.gl/fbAQLP

exports[`CheckBox renders correctly 1`] = `
<span
  className="atti-box"
>
  <span
    className="atti-box"
  >
    <span
      className="Atticomponents CheckBox-udu1se-0 kwjaRp CheckBoxBoxContainer-kmg3i5-0 dXLRgI"
    >
      <input
        checked={true}
        className="HiddenInputCheckBox-sc-1veeukk-0 gqTobW"
        id="Atticomponents"
        name="Atticomponents"
        onChange={[Function]}
        type="checkbox"
        value="Atticomponents"
      />
      <span
        className="CheckBoxBox-j9bhb-0 hIYtRu"
      />
    </span>
  </span>
</span>
`;
