// Jest Snapshot v1, https://goo.gl/fbAQLP

exports[`StyledTextArea renders correctly 1`] = `
<textarea
  className="StyledTextArea-sc-1ciexer-0 atti-r-css  gTRwCg"
/>
`;
