// Jest Snapshot v1, https://goo.gl/fbAQLP

exports[`StyledBadge renders correctly 1`] = `
<span
  className="atti-box"
>
  <span
    className="atti-box"
  >
    <span
      className="StyledBadge-sc-14ha03a-0 hKrCPP"
    />
  </span>
</span>
`;
