// Jest Snapshot v1, https://goo.gl/fbAQLP

exports[`Label renders correctly 1`] = `
<label
  className="sc-bdVaJa ehnZHJ"
>
  <div />
</label>
`;
