// Jest Snapshot v1, https://goo.gl/fbAQLP

exports[`ContainerRadio renders correctly 1`] = `
<div
  className="sc-htpNat dPWKHr"
/>
`;
