// Jest Snapshot v1, https://goo.gl/fbAQLP

exports[`StyledButton renders correctly 1`] = `
<span
  className="atti-box"
>
  <button
    className="StyledButtonweb__StyledButton-djbee1-0 atti-r-css  glzzKW"
  />
</span>
`;
