// Jest Snapshot v1, https://goo.gl/fbAQLP

exports[`HiddenInputRadio renders correctly 1`] = `
<input
  className="HiddenInputRadio-sc-9a3euj-0 dCQjgv"
/>
`;
