// Jest Snapshot v1, https://goo.gl/fbAQLP

exports[`LabelRadio renders correctly 1`] = `
<label
  className="LabelRadio-wot4p6-0 jilFc"
/>
`;
