// Jest Snapshot v1, https://goo.gl/fbAQLP

exports[`RadioButton renders correctly 1`] = `
<span
  className="atti-box"
>
  <span
    className="atti-box"
  >
    <span
      className="RadioButton-sc-8w77ik-0 eYQPmS"
    />
  </span>
</span>
`;
