// Jest Snapshot v1, https://goo.gl/fbAQLP

exports[`Alert renders correctly 1`] = `
<div
  className="StyledDiv-rsh67c-0 gyTSNi"
  type={null}
>
  <div />
</div>
`;
