// Jest Snapshot v1, https://goo.gl/fbAQLP

exports[`ContainerCheckbox renders correctly 1`] = `
<div
  className="sc-htpNat iVixWq"
/>
`;
