// Jest Snapshot v1, https://goo.gl/fbAQLP

exports[`OptionPanel renders correctly 1`] = `
<span
  className="atti-box"
>
  <div
    className="StyledOptionPanel-y2rxr-0 fTDPQM"
  >
    true
  </div>
</span>
`;
