// Jest Snapshot v1, https://goo.gl/fbAQLP

exports[`Label renders correctly 1`] = `
<span
  className="atti-box"
>
  <span
    className="atti-box"
  >
    <label
      className="Label-ejq2mi-0 atti-r-css  gggAuX"
      disabled={true}
      htmlFor="Atticomponents"
    >
      <div />
    </label>
  </span>
</span>
`;
