// Jest Snapshot v1, https://goo.gl/fbAQLP

exports[`StyledContainer renders correctly 1`] = `
<span
  className="atti-box"
>
  <span
    className="atti-box"
  >
    <div
      className="StyledContainer-m5ly54-0 gIcBVP"
    />
  </span>
</span>
`;
