// Jest Snapshot v1, https://goo.gl/fbAQLP

exports[`BreadcrumbElement renders correctly 1`] = `
<span
  className="atti-box"
>
  <span
    className="atti-box"
  >
    <a
      className="Text-sc-187vq02-0-a Link-x5cckk-0 jMqokw StyledLink-kwdrvq-0 atti-r-css Link-x5cckk-0 jMqokw iKaJKm"
      href="anUrl"
      onClick={null}
      rel=""
      target={null}
    >
      anElement
    </a>
  </span>
</span>
`;
