// Jest Snapshot v1, https://goo.gl/fbAQLP

exports[`ChildrenContainer renders correctly 1`] = `
<span
  className="atti-box"
>
  <span
    className="atti-box"
  >
    <div
      className="ChildrenContainer-sc-1kuws5a-0 hLHTbG"
    />
  </span>
</span>
`;
