// Jest Snapshot v1, https://goo.gl/fbAQLP

exports[`GridContainerStyle renders correctly 1`] = `
<span
  className="atti-box"
>
  <div
    className="GridContainerStyle-sc-14lyijq-0 fDWKy"
  />
</span>
`;
