// Jest Snapshot v1, https://goo.gl/fbAQLP

exports[`Breadcrumb renders correctly 1`] = `
<span
  className="atti-box"
>
  <span
    className="atti-box"
  >
    <div
      className="Breadcrumb-sc-78a0jd-0 jXtORz StyledBreadcrumb-sc-1vbvo7o-0 YgfUj"
    >
      <a
        className="Text-sc-187vq02-0-a Link-x5cckk-0 jMqokw StyledLink-kwdrvq-0 atti-r-css Link-x5cckk-0 jMqokw jYJNtd"
        href="anUrl"
        onClick={null}
        target={null}
      >
        anElement
      </a>
    </div>
  </span>
</span>
`;
