// Jest Snapshot v1, https://goo.gl/fbAQLP

exports[`StyledLink renders correctly 1`] = `
<span
  className="atti-box"
>
  <span
    className="atti-box"
  >
    <a
      className="Text-sc-187vq02-0-a StyledLink-kwdrvq-0 atti-r-css  iKaJKm"
    >
      Atticomponents
    </a>
  </span>
</span>
`;
