// Jest Snapshot v1, https://goo.gl/fbAQLP

exports[`Header1 renders correctly 1`] = `
<span
  className="atti-box"
>
  <span
    className="atti-box"
  >
    <h1
      className="Header1-sc-99f7ll-0 atti-r-css  kOsQys"
    >
      <div />
    </h1>
  </span>
</span>
`;
