// Jest Snapshot v1, https://goo.gl/fbAQLP

exports[`StyledTimeContainer renders correctly 1`] = `
<span
  className="atti-box"
>
  <span
    className="atti-box"
  >
    <div
      className="StyledTimeContainer-sc-9x4eqk-0 idkhSO"
    />
  </span>
</span>
`;
