// Jest Snapshot v1, https://goo.gl/fbAQLP

exports[`StyledInput renders correctly 1`] = `
<span
  className="atti-box"
>
  <input
    className="StyledInput-sc-19gmxuz-0 cyFwFw"
  />
</span>
`;
