// Jest Snapshot v1, https://goo.gl/fbAQLP

exports[`StyledTextArea renders correctly 1`] = `
<span
  className="atti-box"
>
  <span
    className="atti-box"
  >
    <textarea
      className="Text-sc-187vq02-0-textarea StyledTextArea-sc-1ciexer-0 atti-r-css  ccAqyB"
    />
  </span>
</span>
`;
